Microsoft Windows [Version 10.0.26200.8875]
(c) Microsoft Corporation. All rights reserved.

F:\yxy\project\GameEngine>